namespaceOverride: ""
sumologic:
  collector:
    sources:
      metrics:
        default:
          create: false
