namespaceOverride: ""
sumologic:
  setup:
    dashboards:
      enabled: false
