#namespaceOverride: "sumologic"
sumologic:
  setup:
    monitors:
      notificationEmails: "email@locahost.lh"
