#namespaceOverride: "sumologic"
metrics:
  enabled: false
traces:
  enabled: true
