---
# Source: sumologic/templates/metrics/common/service.yaml
apiVersion: v1
kind: Service
metadata:
  name: RELEASE-NAME-sumologic-metadata-metrics
  namespace: sumologic
  labels:
    app: RELEASE-NAME-sumologic-otelcol-metrics
    sumologic.com/scrape: "true"
    sumologic.com/app: fluentd-metrics
    sumologic.com/component: metrics
    chart: "sumologic-%CURRENT_CHART_VERSION%"
    release: "RELEASE-NAME"
    heritage: "Helm"
spec:
  selector:
    app: RELEASE-NAME-sumologic-otelcol-metrics
  ports:
    - name: otlphttp
      port: 4318
      protocol: TCP
    - name: prom-write
      port: 9888
      targetPort: 9888
      protocol: TCP
    - name: otelcol-metrics
      port: 8888
      targetPort: 8888
      protocol: TCP
