---
# Source: sumologic/templates/events/common/service.yaml
apiVersion: v1
kind: Service
metadata:
  name: RELEASE-NAME-sumologic-otelcol-events
  namespace: sumologic
  labels:
    app: RELEASE-NAME-sumologic-otelcol-events
    sumologic.com/scrape: "true"
    sumologic.com/app: otelcol-events
    sumologic.com/component: events
    chart: "sumologic-%CURRENT_CHART_VERSION%"
    release: "RELEASE-NAME"
    heritage: "Helm"
spec:
  selector:
    app: RELEASE-NAME-sumologic-otelcol-events
  ports:
    - name: metrics
      port: 24231
      targetPort: 24231
      protocol: TCP
    - name: otelcol-metrics
      port: 8888
      targetPort: 8888
      protocol: TCP
