namespaceOverride: ""
sumologic:
  pullSecrets:
    - name: myRegistryKeySecretName
