namespaceOverride: ""
sumologic:
  events:
    provider: otelcol
