---
# Source: sumologic/templates/opentelemetry-operator/configmap-instrumentation-cr.yaml
apiVersion: v1
kind: ConfigMap
metadata:
  name: RELEASE-NAME-sumologic-ot-operator-instr-cm
  namespace: sumologic
  labels:
    app: RELEASE-NAME-sumologic-ot-operator-instr-cm
    chart: "sumologic-%CURRENT_CHART_VERSION%"
    release: "RELEASE-NAME"
    heritage: "Helm"
data:
  instrumentation.cr.yaml: |
