sumologic:
  traces:
    sourceType: otlp

tracesSampler:
  deployment:
    image:
      repository: my_repository
      tag: my_tag
