#namespaceOverride: "sumologic"
sumologic:
  logs:
    collector:
      otelcloudwatch:
        enabled: true
