namespaceOverride: ""
otellogs:
  metrics:
    enabled: true
