namespaceOverride: ""
sumologic:
  events:
    provider: fluentd
fluentd:
  apiServerUrl: null
