#namespaceOverride: "sumologic"
sumologic:
  events:
    provider: fluentd
fluentd:
  events:
    enabled: true
