namespaceOverride: ""
sumologic:
  metrics:
    metadata:
      provider: otelcol
