#namespaceOverride: "sumologic"
sumologic:
  metrics:
    metadata:
      provider: otelcol
