namespaceOverride: ""
sumologic:
  metrics:
    remoteWriteProxy:
      enabled: true
