#namespaceOverride: "sumologic"
sumologic:
  logs:
    metadata:
      provider: otelcol
